1. THE PARTITIONS OF {1, 2, 3}, AND THE RELATION EACH ONE IS
   a partition: nonempty blocks, pairwise disjoint, with union the whole set.
   π = {{1}, {2}, {3}}            ρ_π has  3 pairs; equivalence: True
   π = {{1, 2}, {3}}              ρ_π has  5 pairs; equivalence: True
   π = {{1, 3}, {2}}              ρ_π has  5 pairs; equivalence: True
   π = {{1}, {2, 3}}              ρ_π has  5 pairs; equivalence: True
   π = {{1, 2, 3}}                ρ_π has  9 pairs; equivalence: True
   Bell numbers: a set of 1, 2, 3, 4, 5 members has 1, 2, 5, 15, 52 partitions.

2. EQUIVALENCES AMONG ALL 512 RELATIONS ON {1, 2, 3}
   reflexive and symmetric and transitive: 5 of 512, the same number as partitions.
   partition -> relation -> partition is the identity: True
   equivalence -> classes -> equivalence is the identity: True
   So EQ(S) and PART(S) are in bijection (Simovici–Djeraba, Corollary 1.114).
   a tolerance that is not an equivalence: 1~2, 2~3, but 1~3? False: transitivity fails,
   and 'has a block' fails with it: the classes [1] = {1, 2} and [3] = {2, 3} overlap.

3. EVERY FUNCTION HAS A KERNEL, AND EVERY EQUIVALENCE IS ONE
   f = length, on ['set', 'map', 'pair', 'class', 'block', 'ring', 'field']
   ker(f) = {(u, v) : f(u) = f(v)} has classes:
     length 5: ['block', 'class', 'field']
     length 3: ['map', 'set']
     length 4: ['pair', 'ring']
   ker(f) is an equivalence: True
   conversely every equivalence on {1, 2, 3} is ker of 'which class am I in': True

4. THE DECOMPOSITION THEOREM: f = (inclusion) ∘ (bijection) ∘ (quotient)
   U/ker(f) has 3 classes and f(U) = [3, 4, 5] has 3 values: h is a bijection: True
   k(h(g(w))) == f(w) for every w: True   (Theorem 1.116)
   Every function is a surjection onto its classes, then a relabelling, then an inclusion.

5. THE ONE EVERYONE USES: CONGRUENCE MOD m
   p ≡ q (mod 5) when 5 divides p − q; on −7..7 it is an equivalence: True
     [3] = [-7, -2, 3]
     [4] = [-6, -1, 4]
     [0] = [-5, 0, 5]
     [1] = [-4, 1, 6]
     [2] = [-3, 2, 7]
   5 classes, which are the 5 possible remainders: ℤ/5ℤ.
   It is ker(r) for r(n) = n mod 5: True
