1. EXTENSIONALITY IS ==
   {2, 5} == {5, 2}       True   order is not membership
   {1, 1, 2} == {1, 2}    True   neither is repetition
   three empty sets built three ways, all equal: True
   there is one empty set; it is written set(), because {} is a dict

2. SEPARATION IS THE COMPREHENSION
   {n for n in range(1, 21) if n is prime} = {2, 3, 5, 7, 11, 13, 17, 19}
   The rule always draws from an existing source. Python has no syntax
   for 'every x such that ...' with no source, so it cannot state Russell.

3. THE OPERATIONS ARE OPERATORS
   A = {1, 2, 3, 4}, B = {1, 4, 5}, U = {1, 2, 3, 4, 5, 6}
     A ∪ B   A | B    {1, 2, 3, 4, 5}
     A ∩ B   A & B    {1, 4}
     A ∖ B   A - B    {2, 3}
     A △ B   A ^ B    {2, 3, 5}
     A′      U - A    {5, 6}
     A ⊆ B   A <= B   False
     3 ∈ A   3 in A   True
   The complement has no operator: 'not in A' needs a universe, so
   the code must name U and write U - A.

4. CHAINED ^ KEEPS WHAT OCCURS AN ODD NUMBER OF TIMES
   {0, 1, 2, 3, 4} ^ {2, 3, 4} ^ {2, 5} = {0, 1, 2, 5}
   occurrences: 0:1  1:1  2:3  3:2  4:2  5:1   odd ones: {0, 1, 2, 5}
   2 is in all three sets and stays: ^ is exclusive or, and it is a group
   operation in which every set cancels itself (the algebra of sets, section 7).
