1. CANTOR 1874: THE ALGEBRAIC NUMBERS CAN BE LISTED BY HEIGHT
   An algebraic number is a real root of a0·x^n + ... + an = 0 with
   integer coefficients, a0 > 0 and no common factor. Cantor gives the
   equation a height, n - 1 + |a0| + ... + |an|, and only finitely
   many equations share a height:
     height         1    2    3    4    5    6    7
     equations      1    3    9   23   61  151  377
   An equation of degree n has at most n real roots, so each height
   adds finitely many numbers. Listed height by height, with the
   reducible equations dropped as Cantor dropped them, the real
   algebraic numbers begin:
     height 1:  0
     height 2:  -1, 1
     height 3:  -2, -1/2, 1/2, 2
     height 4:  -3, -1.61803, -1.41421, -0.70711, -0.61803, -1/3, 1/3, 0.61803, 0.70711, 1.41421, 1.61803, 3
   Every algebraic number has a height, so every one gets a place in
   the list: the algebraic numbers are countable. The second half of
   the paper shows that the real numbers cannot be listed at all, so
   some real numbers are not algebraic: transcendental numbers exist,
   proved without exhibiting a single one.

2. DEDEKIND 1888: INFINITE MEANS MATCHING A PROPER PART OF ITSELF
   Dedekind's definition: a set is infinite when some one-to-one map
   sends it into a proper subset of itself, and finite otherwise.
   Finite sets fail it. A set of n members has n^n maps into itself;
   the one-to-one ones are the n! permutations, and each one is onto:
     n = 1:     1 maps,    1 one-to-one, all onto: True
     n = 2:     4 maps,    2 one-to-one, all onto: True
     n = 3:    27 maps,    6 one-to-one, all onto: True
     n = 4:   256 maps,   24 one-to-one, all onto: True
     n = 5:  3125 maps,  120 one-to-one, all onto: True
   N passes it. n -> 2n is one-to-one and lands in the even numbers:
     n:    0  1  2  3  4  5  6  7  8  9 ...
     2n:   0  2  4  6  8 10 12 14 16 18 ...
   1, 3, 5, 7, ... are never hit, so the image is a proper part of N.
   That is why a set can have as many members as one of its proper
   subsets, and why only an infinite set can.

3. CANTOR 1891: NO SET MATCHES ITS OWN POWER SET
   A = {a, b, c}; P(A), the set of its subsets, has 2^3 = 8 members.
   A map f: A -> P(A) picks a subset for each member. The diagonal set
   D = {x in A : x not in f(x)} differs from f(x) at x, for every x:
     f(a) = {a, b}     a in f(a): True   so a not in D
     f(b) = {}         b in f(b): False  so b in D
     f(c) = {a, b, c}  c in f(c): True   so c not in D
     D = {b}, and D is not f(a), f(b) or f(c): True
   All 8^3 = 512 maps A -> P(A) checked: D is never in the image,
   so no map is onto: True. Here counting would do (3 < 8), but the
   sentence 'D differs from f(x) at x' never counted anything, so it
   works for infinite sets too: |P(A)| > |A| always, and no set is
   the largest.

4. VON NEUMANN 1923: EACH NUMBER IS THE SET OF THE SMALLER ONES
   0 = {}, and n + 1 = n ∪ {n}:
     0 = {} = {}
     1 = {0} = {{}}
     2 = {0, 1} = {{}, {{}}}
     3 = {0, 1, 2}
     4 = {0, 1, 2, 3}
     5 = {0, 1, 2, 3, 4}
   n has exactly n members: True
   m < n  iff  m ∈ n: True      m < n  iff  m is a proper subset of n: True
   Order, membership and inclusion agree, and nothing but sets was
   used, so the natural numbers need no axiom of their own. Carrying
   on past them, ω = {0, 1, 2, ...} and ω + 1 = ω ∪ {ω}, gives the
   ordinals, and n ∪ {n} is still the successor.
