1. TWO MEASURES OF ERROR
   x is the truth, xhat the approximation.
     x          xhat       |x - xhat|   |x - xhat| / |x|   rho, where xhat = x(1 + rho)
     1.00000    1.00499    0.00499      4.99e-03           +4.99e-03
     9.00000    8.99899    0.00101      1.12e-04           -1.12e-04
     100        101        1            1.00e-02           +1.00e-02
     0.001      0.002      0.001        1.00e+00           +1.00e+00
     -2         -1.9       0.1          5.00e-02           -5.00e-02
   |rho| equals E_rel in every row (checked with exact fractions): True
   At x = 0 the relative error is undefined:  rel_error(0, 0.001) -> ZeroDivisionError
   Higham's own convention for a signed quantity is 'the error x - xhat', which is -rho times x.

2. RELATIVE ERROR DOES NOT CARE ABOUT THE UNITS
   x = 1.00000 and xhat = 1.00499, both multiplied by the same alpha:
     alpha        |x - xhat|       E_rel
     1            4.990e-03        4.99e-03
     1000         4.990e+00        4.99e-03
     1/7          7.129e-04        4.99e-03
     1e-9         4.990e-12        4.99e-03
   E_rel unchanged by every alpha: True    absolute error scaled by exactly alpha: True
   Metres or kilometres, dollars or cents: the relative error is the same number.

3. COUNTING CORRECT DIGITS GIVES ONLY p + 1 POSSIBLE ANSWERS
   Significant digits: the first nonzero digit and everything after it.
     1.7320   5 significant digits
     0.0491   3 significant digits
   An approximation written with 5 significant digits can have 0, 1, 2, 3, 4 or 5
   of them correct: six possible answers. Relative error is a continuous scale.

   Two approximations, each correct to 3 digits but not 4, by either definition:
     x          xhat       E_rel      A: p=3  p=4    B: p=3  p=4
     1.00000    1.00499    4.99e-03   yes    no     yes    no
     9.00000    8.99899    1.12e-04   yes    no     yes    no
   Same digit count; the relative errors differ by a factor of 44.5.

4. DEFINITION A: p CORRECT DIGITS IF x AND xhat ROUND TO THE SAME p-DIGIT NUMBER
   x = 0.9949, xhat = 0.9951
     p    x rounds to    xhat rounds to   agree?
     1    1              1                yes
     2    0.99           1.0              no
     3    0.995          0.995            yes
     4    0.9949         0.9951           no
   One and three correct digits, but not two. A count that is not monotone is not a count.

5. DEFINITION B: |x - xhat| IS LESS THAN HALF A UNIT IN THE p-TH SIGNIFICANT DIGIT OF x
   x = 0.123, xhat = 0.127, |x - xhat| = 0.004
     p    unit in digit p   half      agree?
     1    0.10              0.05      yes
     2    0.010             0.005     yes
     3    0.0010            0.0005    no
   'Agree to two significant digits', although they round to 0.12 and 0.13.

   Definition B is monotone (p digits implies p - 1 digits), on 294 pairs: True
   ...so it has no anomaly:  0.9949 vs 0.9951:  p=1 yes, p=2 yes, p=3 yes, p=4 no, p=5 no  ->  3 correct digits
   Neither definition implies the other:
     0.123  vs 0.127    B: 2 digits;  A at p=2: no
     0.9946 vs 0.9954   A at p=3: yes (both round to 0.995);  B at p=3: no (|x - xhat| = 0.0008, half a unit = 0.0005)

6. DEFINITION B IS A BAND OF RELATIVE ERROR, ONE DECADE WIDE
   On the same 294 pairs xhat = x(1 + rho), for p = 1..8:
     E_rel <= 0.5 x 10^-p   implies   B holds at p        failures: 0
     B holds at p          implies   E_rel < 5 x 10^-p    failures: 0
   The same absolute error under two leading digits:
     x = 1.000, |x - xhat| = 0.004:  B gives 3 digits,  E_rel = 4.0e-03
     x = 9.999, |x - xhat| = 0.004:  B gives 3 digits,  E_rel = 4.0e-04
   '3 correct digits' spans a factor of 10 in relative error. The relative error itself does not.

7. VECTORS: A NORM HIDES THE SMALL COMPONENTS
   x = (1, 0.001)   xhat = (1.0001, 0.0011)
     norm   ||x - xhat|| / ||x||
     inf    1.00e-04
     1      2.00e-04
     2      1.41e-04
   About four correct digits, says every norm. Component by component:
     i   x_i      xhat_i   |x_i - xhat_i|   |x_i - xhat_i| / |x_i|
     1   1.0      1.0001   0.0001           1.0e-04
     2   0.001    0.0011   0.0001           1.0e-01   <- 10% wrong, and invisible above
   componentwise relative error = max_i |x_i - xhat_i| / |x_i| = 1.0e-01
   A normwise bound of 1e-4 promises the small component only an ABSOLUTE error
   of about 1e-4 x ||x||, which is 10% of that component.

8. PYTHON'S math.isclose IS A RELATIVE-ERROR TEST
   isclose(a, b, rel_tol=r) is  |a - b| <= r x max(|a|, |b|)   (abs_tol defaults to 0)
     isclose(1.00000, 1.00499, rel_tol=5e-03)   True   |a - b| / max = 4.97e-03
     isclose(1.00000, 1.00499, rel_tol=4e-03)   False  |a - b| / max = 4.97e-03
     isclose(9.00000, 8.99899, rel_tol=4e-03)   True   |a - b| / max = 1.12e-04
   It divides by the larger of the two, so it cannot tell which one is the truth.
   E_rel divides by the truth, and the two can differ (section 11, kata 1).

9. ROUNDING INTO A FLOAT IS A RELATIVE ERROR, AND A BOUNDED ONE
   binary64 keeps 53 significant bits. Rounding a real x to the nearest float gives
   fl(x) = x(1 + rho) with |rho| <= u = 2^-53 = 1.11e-16, the unit roundoff.
   Checked exactly on 2,000 values k/7 and k/1000:
     largest |rho| seen  9.80e-17     <= 2^-53: True
   And every single operation:  fl(a op b) = (a op b)(1 + delta),  |delta| <= u.
     checked +, -, x, / on 61^2 pairs of floats (14,815 results; exact zeros skipped):
     largest |delta| seen  1.11e-16     <= 2^-53: True
   Correct decimal digits of fl(x), by definition B, over the 1,850 inexact values:
     fewest 15, most 18.  Section 6 promised at least 15, since u <= 0.5 x 10^-15.

10. THE TABLEMAKER'S DILEMMA
   Tabulate y = exp(pi x sqrt(163)) to t significant digits
   (computed with five guard digits, then rounded to nearest):
     t     y
     10    262537412600000000
     15    262537412640769000
     20    262537412640768744.00
     25    262537412640768744.0000000
     30    262537412640768743.999999999999
     35    262537412640768743.99999999999925007
     40    262537412640768743.9999999999992500725972
   Is the last digit before the point a 4 or a 3? Every table up to t = 25 says 4.
   It is 3, followed by twelve 9s. Rounded to the nearest integer the entry is ...744,
   but a table that prints the integer part cannot settle it with fewer than 30 digits,
   and nothing about the number said in advance how many digits that would take.

   An exact tie needs an algebraic value:
     sqrt(0.01550025) = 0.1245 exactly, so to 3 digits it is 0.124 (ties to even) or 0.125 (ties away):
     more digits will never settle it; only the tie rule does.

   A transcendental value is never exactly a tie, but it can sit as close as it likes.
   Tabulating sin(k/1000) for k = 1..1000 to 4 significant digits, the digits past the
   fourth were read until the rounding was decided:
     digits read   entries
     1             800
     2             185
     3             13
     4             2
   Hardest entry: sin(0.368) = 0.3597|500552...  needed 4 digits past the cut.
   One entry in five needs a second digit, and each digit after that is needed about
   one time in ten. No entry comes with a bound in advance.

11. PRACTICE, SOLVED
   Kata 1 (Higham, problem 1.1). Measuring against xhat instead of x:
     E = |x - xhat| / |x|,  E' = |x - xhat| / |xhat|.  With xhat = x(1 + rho):  E' = E / |1 + rho|,
     so  E / (1 + E) <= E' <= E / (1 - E)  whenever E < 1.
     checked for rho = -0.99 .. 0.99 in steps of 0.01: True
     rho = +0.5:  E = 0.500   E' = 0.333
     rho = -0.5:  E = 0.500   E' = 1.000
     Small errors: the two agree to first order. Large ones: it matters what you divide by.

   Kata 2. Truth x = 3,213,468 (a count), estimate xhat = 3,200,000:
     E_abs = 13,468     E_rel = 4.19e-03
     A: 2 correct digits (3.2E+6 vs 3.2E+6; at p=3, 3.21E+6 vs 3.20E+6)
     B: 2 correct digits (half a unit in the 2nd digit is 50,000; in the 3rd, 5,000)

   Kata 3. x = (1000, 1, 0.001), xhat = (1000.1, 1.001, 0.0011):
     normwise (inf-norm)   1.0e-04
     per component         1.0e-04, 1.0e-03, 1.0e-01
     componentwise         1.0e-01
     The normwise 1e-4 certifies four digits of the first component only; the third is 10% off.
