1. THE AXIOM, THREE WAYS
   Cori and Lascar: the product ∏ a_i of a family of nonempty sets is nonempty.
   Choice function:  for every set a of nonempty sets there is f with f(x) ∈ x for x ∈ a.
   Zermelo 1904:     for pairwise disjoint nonempty sets there is a set meeting each in one point.
   A member of the product IS a choice function: a tuple with one entry per index.

2. FOR FINITE FAMILIES IT IS A THEOREM: COUNT THE CHOICE FUNCTIONS
   the 7 nonempty subsets of {1, 2, 3}, and every family drawn from them:
     family {1}, {2}                       choice functions:  1   e.g. pick (1, 2)
     family {1}, {3}                       choice functions:  1   e.g. pick (1, 3)
     family {1}, {1, 2}                    choice functions:  2   e.g. pick (1, 1)
     family {1}, {1, 3}                    choice functions:  2   e.g. pick (1, 1)
   families checked: 128; with at least one choice function: 128
   The count is the product of the sizes, never zero. For a finite family
   the proof is by induction on its size and needs no axiom.

3. WHEN A RULE EXISTS, NO AXIOM IS NEEDED
   a family of nonempty sets of natural numbers: {2, 5, 9}, {3, 7}, {8}
   rule 'take the least':  [2, 3, 8]
   ℕ is well-ordered, so 'the least member' is a formula, and the choice
   function exists by replacement. The same for any well-ordered set.

4. RUSSELL'S SHOES AND SOCKS
   infinitely many pairs of shoes:  pick the left one   (a rule: no axiom)
   infinitely many pairs of socks:  the two are alike    (no rule: the axiom)
   With finitely many pairs of socks you point at one from each; with
   infinitely many, 'point at one from each' is exactly what the axiom grants.

5. WHAT IT BUYS, AND WHAT IT COSTS
   Zermelo 1904           every set can be well-ordered
   Zorn's lemma           a chain-bounded poset has a maximal element
   linear algebra         every vector space has a basis
   analysis               Hahn–Banach; a non-measurable set of reals (Vitali)
   Banach–Tarski 1924     one ball cut into five pieces reassembles as two
   Gödel 1938             AC cannot be refuted from ZF (true in L)
   Cohen 1963             AC cannot be proved from ZF either
   The first three are equivalent to the axiom over ZF, not consequences
   of it: assume any one and you have assumed choice.

6. THE EQUIVALENT FORMS, ON A FINITE SET WHERE EACH IS A THEOREM
   the divisors of 12 under 'divides': chains: 31, every chain has an
   upper bound: True; maximal elements: [12]   (Zorn's lemma holds)
   antichains: 9; maximal antichains: 5, e.g. (1,) and (4, 6)   (Kurepa's principle holds)
   the 7 nonzero vectors of GF(2)³: linearly independent subsets: 57;
   the family has finite character: True; maximal members: 28,
   all of size {3}: the bases   (Teichmüller's principle holds)
   generating sets: 28; each contains a basis: True   (downward basis principle holds)
   well-orderings of a 4-set: 24, the orderings of its
   members in a row   (well-ordering principle holds)
   On a finite set every form is a theorem. Halbeisen's chapter 6 proves that on
   arbitrary sets each is equivalent to the axiom: AC ⇔ Zorn ⇔ Teichmüller ⇔
   downward basis ⇔ well-ordering ⇔ trichotomy of cardinals ⇔ m² = m, and, with
   foundation, ⇔ Kurepa ⇔ every vector space has a basis ⇔ multiple choice.

7. A BOOLEAN ALGEBRA, WHERE THE WEAKER FORM LIVES
   commutativity    on all 512 triples of subsets of {1, 2, 3}: True
   associativity    on all 512 triples of subsets of {1, 2, 3}: True
   distributivity   on all 512 triples of subsets of {1, 2, 3}: True
   absorption       on all 512 triples of subsets of {1, 2, 3}: True
   complementation  on all 512 triples of subsets of {1, 2, 3}: True
   De Morgan        on all 512 triples of subsets of {1, 2, 3}: True
   ideals of this algebra (down-closed, closed under ∪): 8; prime ideals: 3:
      the sets avoiding 3, 4 of them
      the sets avoiding 2, 4 of them
      the sets avoiding 1, 4 of them
   The prime ideal theorem, 'every Boolean algebra has a prime ideal', follows
   from choice and is strictly weaker than it (Halpern and Lévy 1971): the
   first of the weaker forms, with countable choice and dependent choice.
