1. THE OBVIOUS RULE: MULTIPLY ENTRY BY ENTRY
   entry by entry:    (x1, y1)(x2, y2) = (x1 x2, y1 y2)
   the complex rule:  (x1, y1)(x2, y2) = (x1 x2 - y1 y2, x1 y2 + x2 y1)
   Test values: G = {-2, -1, -1/2, 0, 1/3, 1, 3/2}, making 49 test pairs (x, y).

   Entry by entry, z z = (x^2, y^2), on all 49 test pairs: True
                                                 entry by entry   the complex rule
     pairs z with z z = (-1, 0)                  0                2
   Neither entry of (x^2, y^2) can be negative, so the obvious rule has no
   square root of -1. The complex rule has two: (0, -1), (0, 1)

2. TWO NONZERO PAIRS, PRODUCT ZERO
   entry by entry:    (1, 0)(0, 1) = (0, 0)
   the complex rule:  (1, 0)(0, 1) = (0, 1)
                                                 entry by entry   the complex rule
     pairs of nonzero z, w with z w = (0, 0)     72               0
   A nonzero pair that multiplies some other nonzero pair to (0, 0) is a ZERO DIVISOR.
   Entry by entry, (1, 0) is one, and it can never be divided by:
     (1, 0)(0, 1) = (0, 0) = (1, 0)(0, 0), so dividing both sides by (1, 0)
     would make (0, 1) = (0, 0).
   Entry by entry the 1 is (1, 1): z (1, 1) = z for all 49 test pairs: True
   and (1, 0) w is (w_x, 0), never (1, 1): no test pair w solves (1, 0) w = (1, 1): True

3. WHY THE COMPLEX RULE NEVER DOES THAT
     (x1^2 + y1^2)(x2^2 + y2^2) = (x1 x2 - y1 y2)^2 + (x1 y2 + x2 y1)^2
   checked on all 2,401 products of test pairs: True
   If neither factor is (0, 0), the left side is positive, so the product is not (0, 0).

4. C* = C \ {(0, 0)}: THE PAIRS YOU CAN DIVIDE BY
   The backslash is set difference: C* is every pair except (0, 0).
   Of the 49 test pairs, C* keeps 48.
   (1, 0) is the 1 of C:  z (1, 0) = z for all 49 test pairs: True
   Every z = (x, y) in C* has a reciprocal:  1/z = (x / (x^2 + y^2), -y / (x^2 + y^2))
     z          x^2 + y^2   1/z               z (1/z)
     (0, 1)     1           (0, -1)           (1, 0)
     (1, 1)     2           (1/2, -1/2)       (1, 0)
     (3, -4)    25          (3/25, 4/25)      (1, 0)
     (-5, 6)    61          (-5/61, -6/61)    (1, 0)
   z (1/z) = (1, 0) for all 48 test pairs in C*: True
   (0, 0) has no reciprocal: (0, 0) w = (0, 0) for all 49 test pairs w, never (1, 0): True
   Division z / w means z (1/w), for w in C*, and it undoes multiplication:
     (z w)(1/w) = z for all 49 x 48 = 2,352 choices of z and w: True

5. PRACTICE, SOLVED
   Kata 1. The book's two examples (Andreescu and Andrica, section 1.1.1)
     z1 = (-5, 6),  z2 = (1, -2)
       z1 + z2 = (-5 + 1, 6 + (-2)) = (-4, 4)
       first entry:   x1 x2 - y1 y2 = (-5)(1) - (6)(-2) = -5 - (-12) = 7
       second entry:  x1 y2 + x2 y1 = (-5)(-2) + (1)(6) = 10 + 6 = 16
       z1 z2 = (7, 16)      the book: (-4, 4) and (7, 16)   same: True
     z1 = (-1/2, 1),  z2 = (-1/3, 1/2)
       z1 + z2 = (-1/2 + (-1/3), 1 + 1/2) = (-5/6, 3/2)
       first entry:   x1 x2 - y1 y2 = (-1/2)(-1/3) - (1)(1/2) = 1/6 - 1/2 = -1/3
       second entry:  x1 y2 + x2 y1 = (-1/2)(1/2) + (-1/3)(1) = -1/4 + (-1/3) = -7/12
       z1 z2 = (-1/3, -7/12)      the book: (-5/6, 3/2) and (-1/3, -7/12)   same: True

   Kata 2. Every (x, y) with (x, y)(x, y) = (-1, 0)
     (x, y)(x, y) = (x^2 - y^2, 2xy), so  x^2 - y^2 = -1  and  2xy = 0.
     2xy = 0 means x = 0 or y = 0. y = 0 needs x^2 = -1: impossible. x = 0 needs y^2 = 1.
     Exactly two: (0, -1) and (0, 1). Among the 49 test pairs the search finds: (0, -1), (0, 1)

   Kata 3. Find z with z (1, 2) = (5, 0)
     z = (x, y) gives (x - 2y, 2x + y) = (5, 0): x - 2y = 5 and 2x + y = 0, so z = (1, -2).
     Or divide: z = (5, 0)(1 / (1, 2)) = (5, 0)(1/5, -2/5) = (1, -2)
     check: (1, -2)(1, 2) = (5, 0): True
     z (0, 0) = (5, 0) has no solution: z (0, 0) = (0, 0) for every z.
     No test pair solves it: True
