1. ONE PAIR OF POINTS, MEASURED FOUR WAYS
   P = (1, 3), Q = (5, 6): the changes are 4 across and 3 up.
   Euclidean  sqrt(dx^2 + dy^2)   = sqrt(25) = 5      the straight line
   taxicab    |dx| + |dy|          = 7              along the streets of a grid
   Chebyshev  max(|dx|, |dy|)      = 4              moves of a chess king
   p = 1/2    (sqrt|dx| + sqrt|dy|)^2 = (2 + sqrt 3)^2 = 13.93    a formula of the same family
   Four numbers, one pair of points. Which of them deserve the word distance?

2. THE CIRCLE OF RADIUS 3 AROUND THE ORIGIN, UNDER EACH DISTANCE
   Lattice points (x, y) with -4 <= x, y <= 4; # marks a point at distance at most 3.
   Euclidean     taxicab       Chebyshev
   .........     .........     .........
   ....#....     ....#....     .#######.
   ..#####..     ...###...     .#######.
   ..#####..     ..#####..     .#######.
   .#######.     .#######.     .#######.
   ..#####..     ..#####..     .#######.
   ..#####..     ...###...     .#######.
   ....#....     ....#....     .#######.
   .........     .........     .........
   Points inside: 29, 25, 49. A disc, a diamond, a square: the shape of
   a circle is a fact about the distance, not about the plane.

3. THE ONE THAT FAILS: p = 1/2 BREAKS THE TRIANGLE INEQUALITY
   P = (0, 0), Q = (1, 0), R = (1, 1).
   d(P, Q) = (sqrt 1)^2 = 1,  d(Q, R) = (sqrt 1)^2 = 1,  d(P, R) = (sqrt 1 + sqrt 1)^2 = 4.
   Going straight from P to R costs 4; going through Q costs 2. The detour is shorter.
   One triple is enough: the formula is not a distance. The other three properties hold
   and do not save it. (Every p >= 1 gives a distance; every p < 1 fails this way.)

4. TURN THE PLANE: ONLY THE EUCLIDEAN DISTANCE DOES NOT NOTICE
   Rotate by the angle with cos = 3/5, sin = 4/5 (exact), and measure the same two points.
   Before: (1, 0) and (5, 3)
   After:  (3/5, 4/5) and (3/5, 29/5)
   Euclidean^2  before 25     after 25       unchanged
   taxicab      before 7      after 5        changed
   Chebyshev    before 4      after 5        changed
   A ruler does not care which way it is held. Among the three, only the Euclidean
   distance passes that test, which is why geometry chooses Pythagoras.

5. THE FOUR PROPERTIES, CHECKED EXHAUSTIVELY
   On the 25 lattice points with coordinates in -2..2 (15625 triples):
   squared Euclidean  non-negative: True   zero only for one point: True   symmetric: True   triangle inequality: False
   taxicab            non-negative: True   zero only for one point: True   symmetric: True   triangle inequality: True
   Chebyshev          non-negative: True   zero only for one point: True   symmetric: True   triangle inequality: True
   (Squared Euclidean distance fails the triangle inequality: 0-1-2 on a line gives 4 > 1 + 1.
    The root is not decoration; the plane page checked the inequality with the root in place.)
   Hamming distance on the 8 strings of three bits (512 triples):
   non-negative: True   zero only for one point: True   symmetric: True   triangle inequality: True
   d(011, 110) = 2: the number of positions that differ. No coordinates, no Pythagoras,
   and still a distance, because the four properties are the definition.
