1. Judging from a record: the rule of succession

   After s successes in n tries, estimate the chance of success as
   (s + 1) / (n + 2). No evidence gives 1/2; each try moves it.

   record            estimate
    0 of 0  worked      1/2 = 0.50
    1 of 1  worked      2/3 = 0.67
    0 of 1  worked      1/3 = 0.33
   10 of 10 worked    11/12 = 0.92
    0 of 10 worked     1/12 = 0.08
    5 of 10 worked      1/2 = 0.50

   One failure gives 1/3, not 0. Ten failures in a row give 1/12.

2. The experiment: ten button presses, then twenty rounds at a lever

   Both learners try the lever only if their estimate is at least 3/10.
   The lever always works. What differs is what the button taught them.

   A, whose button worked
     estimate after the button:   11/12 = 0.92
     rounds in which it tried:   20 of 20
     estimate after 20 rounds:    31/32 = 0.97

   B, whose button did nothing
     estimate after the button:    1/12 = 0.08
     rounds in which it tried:   0 of 20
     estimate after 20 rounds:     1/12 = 0.08

   B's estimate never moves, because only a try produces evidence.
   The lever works every round, and B never finds out. Nothing in B's
   reasoning is wrong: 1/12 is the right conclusion from B's record.
   What is wrong is that the record stopped growing.

3. Remedy one: start small

   A small step is worth trying at a chance of 1/20, and 1/12 is above
   that, so B tries small steps. Each succeeds and joins the record.

   small successes   estimate      worth a real task?
          0            1/12 = 0.08   no
          1            2/13 = 0.15   no
          2            3/14 = 0.21   no
          3            4/15 = 0.27   no
          4            5/16 = 0.31   yes

   4 small successes undo ten failures enough to try the real thing.

4. Remedy two: watch someone similar succeed

   Another person's success counts as evidence in proportion to how much
   like you they are: weight 1 for a classmate in your situation, less
   for someone you do not identify with.

   weight   successes watched before a real try is worth it
        1   4
      1/2   8
      1/4   15
     1/10   38

   Study Tip 2.2 in numbers: ask someone like you to show you.

5. Two forms of pessimism as two ways of counting

   Pervasiveness: filing the button's ten failures under 'trying never
   works', so they count against the lever too. Kept apart, the lever
   starts with no record, estimate 1/2, and B tries it at once.

   Permanence: treating old evidence as if the world never changes. Let
   each round shrink the old record by a factor of 9/10 instead:

   round   old failures still counted   estimate
       0          10.00                0.08
       5           5.90                0.13
      10           3.49                0.18
      15           2.06                0.25
      20           1.22                0.31

   Believing 'this is how it will always be', B waits forever; letting
   the past fade, B tries the lever after 20 rounds, without any new
   success at all.

6. The ABC example: one flunked biology exam

   Belief: 'I am stupid, and I might as well drop out of college.'
   That is a claim about every subject, for ever, with chance 0.
   The record is one biology exam, 0 of 1:  biology estimate 1/3.
   After help and one passed retake, 1 of 2: biology estimate 1/2.
   Reframed: 'I am not doing well on biology exams right now, and could
   use some help.' That is the belief the evidence supports.
