1. THE TASK YOU WERE GIVEN: COUNT THE VOWELS (a, e, i, o, u; y not counted)
   Dollar bill         3   running total   3
   Dice                2   running total   5
   Tricycle            2   running total   7
   Four-leaf clover    6   running total  13
   Hand                1   running total  14
   Six-pack            2   running total  16
   Seven-Up            3   running total  19
   Octopus             3   running total  22
   Cat lives           3   running total  25
   Bowling pins        3   running total  28
   Football team       5   running total  33
   Dozen eggs          3   running total  36
   Unlucky Friday      4   running total  40
   Valentine's Day     5   running total  45
   Quarter hour        5   running total  50
   Total: 50 vowels (54 if y counts, as in 'Tricycle' and 'Friday').
   The task never needed the meaning of a single phrase. Letters are all it
   asked the eyes for, so letters are all the memory was given to keep. In
   McGuire's workshops the average recall afterwards is 3 phrases of 15: 20%.

2. THE ORGANISING PRINCIPLE (spoiler)
    1  Dollar bill        one dollar
    2  Dice               a pair of dice
    3  Tricycle           three wheels
    4  Four-leaf clover   four leaves
    5  Hand               five fingers
    6  Six-pack           six cans
    7  Seven-Up           seven, in the name
    8  Octopus            eight arms
    9  Cat lives          nine lives
   10  Bowling pins       ten pins
   11  Football team      eleven players on the field
   12  Dozen eggs         twelve eggs
   13  Unlucky Friday     Friday the 13th
   14  Valentine's Day    February 14th
   15  Quarter hour       fifteen minutes
   Read down the columns and the numbers go 1, 2, 3, ..., 15:
   in order, with nothing missing: True.

3. COULD THAT ORDER BE AN ACCIDENT?
   15 phrases can be listed in 15! = 1,307,674,368,000 orders.
   Only one of them counts 1 to 15, so a list shuffled at random would do it
   with probability 1/15! = 7.6e-13. The order is a principle, and
   finding it is the point of looking again.

4. HOW MUCH THERE IS TO REMEMBER, BEFORE AND AFTER
   Without the principle, recall has to find 15 unrelated phrases, and nothing
   says which one comes next or whether one is missing. With it, recall is a
   walk through 1, 2, 3, ..., 15, asking at each step 'what comes in n?':
     what comes in  1?  ->  Dollar bill
     what comes in  7?  ->  Seven-Up
     what comes in 12?  ->  Dozen eggs
     what comes in 15?  ->  Quarter hour
   The counting numbers are already in memory, so they cost nothing to store,
   and each one is a cue for exactly one phrase. A gap shows up at once: if
   you reach 11 and find nothing, you know that you forgot, and what to search
   for. That is metacognition inside the recall itself: you can check your
   own answer, because the principle tells you what a complete answer is.

5. THE WORKSHOP'S ARITHMETIC (McGuire's averages)
   first try, counting vowels           3 / 15 x 100 =  20%
   second try, knowing goal and rule   12 / 15 x 100 =  80%
   Same people, same list, same 45 seconds, and nobody became smarter in
   between. Two things changed: they knew the goal was to remember, not to
   count, and they had a principle that organised what they saw.
