1. EVERY RATIONAL IN [0,1] GETS A PLACE IN LINE
   Order them by denominator, and skip anything not in lowest terms:
      1: 0        2: 1        3: 1/2      4: 1/3      5: 2/3
      6: 1/4      7: 3/4      8: 1/5      9: 2/5     10: 3/5
     11: 4/5     12: 1/6     13: 5/6     14: 1/7     15: 2/7
     16: 3/7     17: 4/7     18: 5/7     19: 6/7     20: 1/8
   5/12 is number 45.
   99/100 is number 3,045.
   Every rational in [0,1] has a finite place in this list. A set that
   can be listed like this is COUNTABLE.

2. AND THEY ARE EVERYWHERE
   Between any two different numbers sits a rational. The simplest one
   in some ever-narrower windows:
     between 0.41     and 0.42       5/12      = 0.416666667
     between 0.414    and 0.415      17/41     = 0.414634146
     between 0.4142   and 0.4143     29/70     = 0.414285714
     between 0.41421  and 0.41422    169/408   = 0.414215686
     between 0.414213 and 0.414214   408/985   = 0.414213198
   No window is too narrow to hold one. That is what DENSE means.

3. GIVE THE n-TH RATIONAL AN INTERVAL OF LENGTH (1/10) / 2^n
      n   rational  length   interval around it
      1   0         1/20     (-1/40, 1/40)
      2   1         1/40     (79/80, 81/80)
      3   1/2       1/80     (79/160, 81/160)
      4   1/3       1/160    (317/960, 323/960)
      5   2/3       1/320    (1277/1920, 1283/1920)
      6   1/4       1/640    (319/1280, 321/1280)
      7   3/4       1/1280   (1919/2560, 1921/2560)
      8   1/5       1/2560   (1023/5120, 205/1024)
   Every rational sits inside its own interval, so every one is covered.

4. ADD UP THE LENGTHS
   1/20 + 1/40 + 1/80 + ... halves each time. After N intervals the
   total is exactly 1/10 - 1/(10 x 2^N):
         N   below 1/10 by
        10   9.766e-05
       100   7.889e-32
      1000   9.333e-303
   The total creeps toward 1/10 and never passes it, so the whole
   infinite cover has total length at most 1/10. Every rational is
   covered, and 9/10 of [0,1] is not. Swap 1/10 for any budget at all
   and the same list works, so the rationals have measure zero.

5. SO WHAT IS NOT COVERED?
   At least 9/10 of [0,1] -- all of it irrational. One such number is
   sqrt(2) - 1 = 0.41421356... Checked exactly against the first 5,000:
     intervals containing it:    0
     closest call:               interval 3, around 1/2
       distance from 1/2:        0.08578644
       half that interval:       0.00625000
       misses by a factor of:    13.7
   That check stops at 5,000. The page proves the miss for all of them.

6. WHY 'AN INFINITE LIST', NOT JUST 'FINITELY MANY'
   Stop after the first 1,000 intervals, and look at the next rationals:
     number 1,001: 56/57  NOT covered
     number 1,002: 1/58   covered anyway, by interval 1 around 0
     number 1,003: 3/58   NOT covered
     number 1,004: 5/58   NOT covered
   Every finite stopping point leaves rationals out. Only the whole
   infinite list covers them all -- and the page shows why no finite
   cover of the rationals in [0,1] can total less than 1.
