1. DOUBLE EVERY LENGTH, AND EACH FORMULA SAYS ITS OWN DIMENSION
   shape     formula                                  at size 1           at size 2  ratio
   rectangle perimeter 2l + 2w                          14.0000             28.0000      2
   rectangle area lw                                    12.0000             48.0000      4
   triangle  area bh/2                                  12.0000             48.0000      4
   circle    circumference 2 pi r                       12.5664             25.1327      2
   circle    area pi r^2                                12.5664             50.2655      4
   box       surface 2lh + 2wh + 2lw                    52.0000            208.0000      4
   box       volume lwh                                 24.0000            192.0000      8
   sphere    surface 4 pi r^2                           50.2655            201.0619      4
   sphere    volume (4/3) pi r^3                        33.5103            268.0826      8
   cylinder  surface 2 pi r^2 + 2 pi r h                87.9646            351.8584      4
   cylinder  volume pi r^2 h                            62.8319            502.6548      8
   Perimeters and circumferences double, areas and surfaces grow 4 = 2^2,
   volumes grow 8 = 2^3. The ratio is 2 raised to the number of lengths
   multiplied together, whatever the constant in front.

2. WHAT THE TEST CATCHES, AND WHAT IT CANNOT: PROBLEMS 6 AND 9
   'The surface area of a sphere of radius r is (4/3) pi r^2.'
   At r = 2 it gives 16/3 pi = 16.76; at r = 4, 64/3 pi = 67.02.
   Ratio 4: it has the shape of an area, so far so good.
   The dimension test cannot see a constant. The right one is 4, not 4/3:
   a sphere of radius 1 fits in a cylinder of radius 1 and height 2, whose
   side has area 2 pi r h = 4 pi = 12.57, and Archimedes showed that the
   sphere's surface is exactly that. False.
   For the volume, 4 pi r^2 and 4 pi r^3 (choices d and c of problem 6): the first
   is an area, so the test rejects it. The second passes the test, but a sphere
   inside a cube of side 2r must hold less than the cube's 8 r^3,
   and 4 pi = 12.57 is more than 8. Only (4/3) pi = 4.19 fits.

3. THE SURFACE IS WHAT THE VOLUME GAINS PER UNIT OF RADIUS
   Put a skin of thickness t on a sphere of radius 3 and weigh the skin:
     t = 1       skin volume / t =   154.9852
     t = 1/10    skin volume / t =   116.9091
     t = 1/100   skin volume / t =   113.4747
     t = 1/1000  skin volume / t =   113.1350
   The skin per unit thickness settles on 4 pi 3^2 = 113.0973, the surface area.
   The same for a circle: a ring of width t has area about 2 pi r t,
   the circumference times the width. Each formula is the rate of the next one up.

4. THE BOOK'S PROBLEMS 27-38, EXACT FIRST, ROUNDED LAST
     27  rectangle 6 by 7 in, area        42
     28  rectangle 9 by 4 cm, area        36
     29  triangle h 14, b 4 in, area      28
     30  triangle h 9, b 4 cm, area       18
     31  circle r 5 m, area               25 pi = 78.54
     31  circle r 5 m, circumference      10 pi = 31.42
     32  circle r 2 ft, area              4 pi = 12.57
     32  circle r 2 ft, circumference     4 pi = 12.57
     33  box 6 x 8 x 5 ft, volume         240
     33  box 6 x 8 x 5 ft, surface        236
     34  box 9 x 4 x 8 in, volume         288
     34  box 9 x 4 x 8 in, surface        280
     35  sphere r 5 cm, volume            500/3 pi = 523.60
     35  sphere r 5 cm, surface           100 pi = 314.16
     36  sphere r 3 ft, volume            36 pi = 113.10
     36  sphere r 3 ft, surface           36 pi = 113.10
     37  cylinder r 9, h 8 in, volume     648 pi = 2035.75
     37  cylinder r 9, h 8 in, surface    306 pi = 961.33
     38  cylinder r 8, h 9 in, volume     576 pi = 1809.56
     38  cylinder r 8, h 9 in, surface    272 pi = 854.51
   Problem 32 is a coincidence worth noticing: at r = 2 the area 4 pi and the
   circumference 4 pi are the same number, in different units. Area/circumference
   is r/2, so it happens only at r = 2, and only because units were dropped.
   37 and 38 swap r and h: the volumes differ (648 pi against 576 pi), because
   r is squared and h is not.

5. SHADED REGIONS: PROBLEMS 39-42, A SQUARE OF SIDE 2 AND A CIRCLE
   Inscribed circle: radius 1. Circumscribed circle: radius = half the diagonal,
   and the diagonal of a 2 by 2 square is sqrt(2^2 + 2^2) = sqrt(8), so r^2 = 2.
     39  circle inside the square             pi = 3.14
     40  square minus the circle inside it    4 - pi = 0.86
     41  circle around the square             2 pi = 6.28
     42  circle minus the square inside it    2 pi - 4 = 2.28
   The whole region is always a sum or difference of pieces with formulas.

6. APPLICATIONS: EXAMPLE 4 AND PROBLEMS 47-51
     Ex 4  ornament: triangle b 4, h 6, plus semicircle r 2   12 + 2 pi = 18.28 cm^2
     47    wheel, diameter 16 in, 4 turns: 4 * 16 pi          64 pi = 201.06 in
     48    disk, diameter 4 ft, rolled 20 ft: 20 / (4 pi)     1.59 turns
     49    border: outer square 6 + 2 + 2 = 10, minus inner   64 ft^2
     50    squares of area 100 and 16: legs 10 - 4 = 6 and 4   12 ft^2
     51    Norman window 4 by 6 plus semicircle r 2, area      24 + 2 pi = 30.28 ft^2
     51    its frame: 6 + 4 + 6 plus the arc, half of 4 pi    16 + 2 pi = 22.28 ft
   A turn of a wheel moves it one circumference, pi d, not 2 pi d: the
   diameter is given, so the circumference is pi d.
