1. STATEMENTS ABOUT SETS: EXERCISES 1.1, 1 TO 7, ON EVERY A, B, C ⊆ {1, 2, 3}
   1               if a ∉ A ∖ B and a ∈ A, then a ∈ B
                   holds in all 384 cases where the hypothesis holds (of 1536): True
   2               if A ⊆ B, then C ∖ B ⊆ C ∖ A
                   holds in all 648 cases where the hypothesis holds (of 1536): True
   3               if A ∖ B ⊆ C, then A ∖ C ⊆ B
                   holds in all 1029 cases where the hypothesis holds (of 1536): True
   4               if A ⊆ B and A ⊆ C, then A ⊆ B ∩ C
                   holds in all 375 cases where the hypothesis holds (of 1536): True
   5               if A ⊆ B and B ∩ C = ∅, then A ⊆ B ∖ C
                   holds in all 192 cases where the hypothesis holds (of 1536): True
   6               A ∖ (B ∖ C) ⊆ (A ∖ B) ∪ C
                   holds in all 1536 cases where the hypothesis holds (of 1536): True
   7               if A ∖ B ⊆ C and A ⊄ C, then A ∩ B ≠ ∅
                   holds in all 381 cases where the hypothesis holds (of 1536): True
   1.2, problem 5  x ∉ A ∖ B  iff  x ∉ A or x ∈ B
                   holds in all 1536 cases where the hypothesis holds (of 1536): True
   Every one is proved by taking an arbitrary x and unpacking the
   definitions of ∖, ∩, ∪ and ⊆; the page names the move for each.

2. TRUTH SETS: PROBLEM 1 AND EXERCISES 8, 10, 12
   {x ∈ ℕ : 3 < x < 11}         = {4, 5, 6, 7, 8, 9, 10}
   {y ∈ ℤ : y² = 4}             = {-2, 2}
   {z ∈ ℕ : z is a multiple of 3} = {0, 3, 6, 9, 12, 15, ...}   (Cunningham's ℕ starts at 0)
   exercise 8, P(x): x > 1/x:  P(2) True  P(-2) False  P(1/2) False  P(-1/2) True
   exercise 10: {1, 4, 9, 16, 25, ...} = {x ∈ ℕ : x = n² for some n ≥ 1};
                {..., -10, -5, 0, 5, 10, ...} = {y ∈ ℤ : 5 divides y}
   exercise 12(a) {x ∈ ℕ : 0 < x² < 24}        = {1, 2, 3, 4}
   exercise 12(b) {y ∈ ℤ : y divides 12}       = {-12, -6, -4, -3, -2, -1, 1, 2, 3, 4, 6, 12}
   exercise 12(c) {z ∈ ℕ : 4 divides z}        = {0, 4, 8, 12, 16, ...}

3. INTERVALS: EXERCISE 9 EXACTLY, EXERCISES 11 AND 12(d) ON A GRID
   9(a) (−3, 2) ∩ (1, 3)    = (1, 2)
   9(b) (−3, 4) ∪ (0, ∞)    = (-3, ∞)
   9(c) (−3, 2) ∖ [1, 3)    = (-3, 1)
   11(a) {x ∈ ℝ : x² − 1 ≤ 3}               = [-2, 2]    agrees on 81 sample points in [−5, 5]: True
   11(b) {x ∈ ℝ : x > 0 and (x − 1)² < 1}   = (0, 2)     agrees on 81 sample points in [−5, 5]: True
   12(d) {y ∈ ℝ⁻ : 1 ≤ y² ≤ 4}              = [-2, -1]   agrees on 81 sample points in [−5, 5]: True
   The grid check is evidence, not proof: solving x² − 1 ≤ 3 is the kata.

4. QUIZ KATAS: SEVEN MULTIPLE-CHOICE QUESTIONS, COMPUTED
   Q1 X = multiples of 3, Y of 6, Z of 9 (within 1..199):
      A  X ⊂ Y: False
      B  X ⊂ Z: False
      C  Z ⊂ Y: False
      D  Z ⊂ X: True
      every multiple of 9 is a multiple of 3, because 3 | 9; and Y ⊂ X too, since 3 | 6.
   Q2 A = factors of 6 = [1, 2, 3, 6], B = prime factors = [2, 3], D = factors of 3 = [1, 3]
      C = proper factors of 6: [2, 3] if 1 is excluded (Math is Fun), [1, 2, 3] if only 6 is
      A = B False   A = C False   B = C True   C = D False   -> C, on the convention that excludes 1
   Q3 which is the null set?
      A  subsets of ∅: [frozenset()]   empty: False
      B  even primes: [2]   empty: False
      C  factors of 7: [1, 7]   empty: False
      D  rational expressions for π: ∅   empty: True
      {∅} has one member, ∅ itself; π is irrational, so D.
   Q4 subsets of {a, b, c, d}: 2^4 = 16   (each of 4 members in or out)
   Q5 proper subsets of {a, b, c, d, e}: 2^5 − 1 = 31   (all subsets but the set itself)
   Q6 A ⊆ B and B ⊆ C imply A ⊆ C, on all triples of subsets of {1, 2, 3}: True   -> D; the other three fail e.g. A = ∅, B = C = {1}
   Q7 factors of 5, 25, 125: [1, 5], [1, 5, 25], [1, 5, 25, 125]
      P ⊂ Q True   Q ⊂ R True   R ⊂ P False   P ⊂ R True   -> C is the false one
   Q8 A = primes < 10 = [2, 3, 5, 7], B = odd < 10 = [1, 3, 5, 7, 9], C = even < 10 = [0, 2, 4, 6, 8]
      A ⊂ B False   B ⊂ A False   A ⊂ C False   C ⊂ A False   B ⊂ C False   C ⊂ B False   -> 0 true: D, None; 2 is the prime that is not odd
   Q9 which is infinite? whole numbers < 10: 10 of them; primes < 10: 4; factors of 10: 4;
      integers < 10: 9, 8, 7, ..., 0, −1, −2, ... with no end -> C
   Q10 factors of 12 = [1, 2, 3, 4, 6, 12]; not a member: [5] -> C
   Behind Q1, Q2, Q7 and Q10 is one fact of number theory read as sets:
      a | b  iff  factors(a) ⊆ factors(b)  iff  multiples(b) ⊆ multiples(a)
      checked for all a, b in 1..12: True
