1. THE FORMULA: ONE AVERAGE PER COORDINATE
   P1 = (-5, 5), P2 = (3, 1)
   x: (-5 + 3)/2 = -1     y: (5 + 1)/2 = 3     M = (-1, 3)

2. HALFWAY IS TWO CLAIMS, AND BOTH HOLD
   d(P1, M)^2 = 20, d(M, P2)^2 = 20: equal distances.
   d(P1, P2)^2 = 80 = 4 * 20: M is half the length from each end.
   On the segment: True

3. EQUAL DISTANCES ALONE ARE NOT ENOUGH
   (1, 7)     d(P1,Q)^2 =  40  d(Q,P2)^2 =  40  equidistant: True   on segment: False
   (-3, -1)   d(P1,Q)^2 =  40  d(Q,P2)^2 =  40  equidistant: True   on segment: False
   (-1, 3)    d(P1,Q)^2 =  20  d(Q,P2)^2 =  20  equidistant: True   on segment: True
   Every point of a whole line, the perpendicular bisector, is as far from P1
   as from P2. Only one of them is on the segment: the midpoint.

4. THE TRAP: HALF THE DIFFERENCE IS NOT THE MIDPOINT
   ((x2 - x1)/2, (y2 - y1)/2) = (4, -2): that is half of the trip, a displacement,
   not a place. Added to the start it lands on the midpoint: P1 + (4, -2) = (-1, 3).

5. WORKING BACKWARDS: ONE END AND THE MIDPOINT GIVE THE OTHER END
   P1 = (1, 2), M = (4, -1):  x2 = 2*4 - 1 = 7, y2 = 2*(-1) - 2 = -4, P2 = (7, -4)
   Check: midpoint of (1, 2) and (7, -4) is (4, -1).
   The midpoint is the average, so the far end is as far past M as P1 is short of it.

6. NOT JUST HALFWAY: THE POINT A FRACTION t OF THE WAY
   P1 + t (P2 - P1); t = 1/2 is the midpoint, and t = 0 and t = 1 are the ends.
     t = 0    (-5, 5)       on segment: True
     t = 1/4  (-3, 4)       on segment: True
     t = 1/2  (-1, 3)       on segment: True
     t = 3/4  (1, 2)        on segment: True
     t = 1    (3, 1)        on segment: True
     t = 2    (11, -3)      on segment: False
   t = 2 is on the same line but past P2: t between 0 and 1 is the segment.
