1. ONE RECIPE, ONE DIAL
   At step n, delete an open gap of length a^n from the middle of every
   piece that is left. (# marks a character more than half still there.)
   a = 1/3, the Cantor set:
     0 |#################################################################################|
     1 |###########################                           ###########################|
     2 |#########         #########                           #########         #########|
     3 |###   ###         ###   ###                           ###   ###         ###   ###|
   a = 1/4, the fat Cantor set:
     0 |#################################################################################|
     1 |##############################                     ##############################|
     2 |#############     ############                     ############     #############|
     3 |###### ######     #####  #####                     #####  #####     ###### ######|
   With a = 1/3 the step-n gap is 1/3^n, exactly the middle third of every
   piece: lesson 3's set. With a = 1/4 every gap after the first is a
   smaller share of its piece, and the share keeps shrinking.

2. ADD UP THE GAPS
     step   Cantor deletes  fat deletes
        1   1/3             1/4
        2   2/9             1/8
        3   4/27            1/16
        4   8/81            1/32
        5   16/243          1/64
        6   32/729          1/128
   Step by step, the Cantor column shrinks by 2/3 and the fat column halves.
     deleted in 10 steps:  Cantor 1 - 1.734e-02    fat 1/2 - 4.883e-04
     deleted in 50 steps:  Cantor 1 - 1.568e-09    fat 1/2 - 4.441e-16
     deleted in the limit: Cantor 1                fat 1/2

3. HOW MUCH IS LEFT, FOR ANY SETTING OF THE DIAL
   Summing the gaps gives a formula: length left = (1 - 3a) / (1 - 2a).
     a      formula   left after 100 steps
     1/3    0         0.000000000000
     1/4    1/2       0.500000000000
     1/5    2/3       0.666666666667
     1/10   7/8       0.875000000000
     1/100  97/98     0.989795918367
   Past 1/3 the recipe breaks. With a = 2/5, the gap for step 4 is
   16/625 long, but each piece left after step 3 is only 3/1000.
   So a = 1/3 is the one setting that deletes everything; every smaller
   setting leaves a set of positive length.

4. STILL NO INTERVAL INSIDE
   Every piece is cut again at the next step. After step n, each fat piece
   is 1/2^(n+1) + 1/2^(2n+1) long:
     after step  1:  2^1 pieces,   each 3.750e-01 long
     after step  2:  2^2 pieces,   each 1.562e-01 long
     after step  5:  2^5 pieces,   each 1.611e-02 long
     after step 10:  2^10 pieces,  each 4.888e-04 long
     after step 20:  2^20 pieces,  each 4.768e-07 long
     after step 40:  2^40 pieces,  each 4.547e-13 long
   Name any interval, however short. From some step on it is longer than
   every piece, so it cannot fit inside the set. The fat Cantor set, like
   the Cantor set, contains no interval: there is a gap in every stretch.

5. AND YET IT IS NOT MEASURE ZERO
   The pieces at step n cover it with total length 1/2 + 1/2^(n+1):
     step  1:  total 0.750000000
     step  5:  total 0.515625000
     step 10:  total 0.500488281
     step 20:  total 0.500000477
   That never drops below 1/2 -- and the page shows why no cover of any
   kind can. No interval inside it, and still length 1/2.

6. WHY ANYONE CARES: RIEMANN SUMS
   Let f(x) = 1 on the set and 0 off it, and cut [0,1] into N equal cells.
   The LOWER sum is 0 for both sets: every cell holds points of a gap.
   The UPPER sum is the total length of the cells that touch the set:
          N   Cantor   fat Cantor
         10   0.8000   0.8000
        100   0.3400   0.6400
      1,000   0.1600   0.5500
     10,000   0.0638   0.5146
   Cantor: the upper sum sinks toward 0, the lower sum is 0, and the two
   squeeze together. f has a Riemann integral, and it is 0.
   Fat Cantor: the upper sum never goes below 1/2. The sums never meet,
   and f has no Riemann integral at all.
