1. EXAMPLE 1: THE CORNER POINT MAKES A RIGHT TRIANGLE
   P1 = (1, 3), P2 = (5, 6); the corner P3 = (x2, y1) = (5, 3).
   Horizontal leg P1P3: |5 - 1| = 4.   Vertical leg P3P2: |6 - 3| = 3.
   d^2 = 4^2 + 3^2 = 25, d = 5.

2. THE ORDER OF THE POINTS DOES NOT MATTER
   from (1, 3) to (5, 6): x2 - x1 =  4, y2 - y1 =  3, squares 16 + 9 = 25
   from (5, 6) to (1, 3): x2 - x1 = -4, y2 - y1 = -3, squares 16 + 9 = 25
   Swapping the points flips both signs, and squaring cannot see a sign.
   So (x2 - x1)^2 = (x1 - x2)^2 and no absolute value is needed.

3. HORIZONTAL AND VERTICAL: THE FORMULA STILL WORKS
   (-2, 4) to (5, 4): d = sqrt(49) = 7
   (3, -1) to (3, -7): d = sqrt(36) = 6
   One leg is 0, so d = sqrt(t^2) for a single difference t, and sqrt(t^2) = |t|,
   not t: going down from y = -1 to y = -7, t = -6, and the distance is 6.

4. MOST DISTANCES ARE NOT WHOLE NUMBERS
   (-4, 5)      to (3, 2)      d^2 =   58   d = sqrt(58) = 7.6158
   (0, 0)       to (1, 1)      d^2 =    2   d = sqrt(2) = 1.4142
   (1/2, 0)     to (0, 1/2)    d^2 =  1/2   d = 1/2 sqrt(2) = 0.7071
   (-1, -2)     to (2, 2)      d^2 =   25   d = 5
   d^2 is always exact. d is exact only when d^2 is a perfect square;
   otherwise the book asks for the radical in simplest form, and so does this.

5. THE CONVERSE AT WORK: IS A = (-2, 1), B = (2, 3), C = (3, 1) A RIGHT TRIANGLE?
   d(A,B)^2 = 20, d(B,C)^2 = 5, d(A,C)^2 = 25
   20 + 5 = 25 = d(A,C)^2, so yes: the right angle is at B,
   opposite the longest side AC. Area = (1/2) sqrt(20) sqrt(5) = (1/2) sqrt(100) = 5.
   Squared distances are enough to decide; no square root was taken until the area.

6. THREE POINTS ON A LINE: THE TWO SHORT DISTANCES ADD UP
   P = (0, 0), Q = (3, 4), R = (6, 8):  d(P,Q) = 5, d(Q,R) = 5, d(P,R) = 10
   Move Q to (3, 5): d(P,Q) + d(Q,R) = 10.0736 > 10.0000 = d(P,R).
   A detour is always longer: the triangle inequality, with equality only on the line.
