1. RISE OVER RUN, AND THE ORDER OF THE POINTS
   P = (1, 2), Q = (5, -3)
   (y2 - y1)/(x2 - x1), P first:  (-3 - 2)/(5 - 1) = -5/4
   (y2 - y1)/(x2 - x1), Q first:  (2 - (-3))/(1 - 5) = -5/4
   mixed order, wrong:            (-3 - 2)/(1 - 5) = 5/4
   Either point may come first, as long as both differences start from the same one.

2. ONE SLOPE FOR THE WHOLE LINE: ANY TWO POINTS OF 2x - 3y = 6
   (-3, -4)  to (0, -2)   rise  2, run  3, slope 2/3
   (-3, -4)  to (3, 0)    rise  4, run  6, slope 2/3
   (-3, -4)  to (6, 2)    rise  6, run  9, slope 2/3
   (-3, -4)  to (9, 4)    rise  8, run 12, slope 2/3
   (0, -2)   to (3, 0)    rise  2, run  3, slope 2/3
   (0, -2)   to (6, 2)    rise  4, run  6, slope 2/3
   (0, -2)   to (9, 4)    rise  6, run  9, slope 2/3
   (3, 0)    to (6, 2)    rise  2, run  3, slope 2/3
   (3, 0)    to (9, 4)    rise  4, run  6, slope 2/3
   (6, 2)    to (9, 4)    rise  2, run  3, slope 2/3
   Ten pairs, ten right triangles of different sizes, all similar: one ratio, 2/3.

3. WHAT THE NUMBER SAYS
   m =    3   rises steeply: up 3 for each 1 across
   m =  1/3   rises gently: up 1 for each 3 across
   m =    0   horizontal: no rise at all
   m =   -2   falls: down 2 for each 1 across
   vertical: the run is 0 and rise/0 is not a number. Undefined, not 0,
   and not infinity: 'no slope' means the formula has nothing to divide by.

4. THE SAME LINE IN EVERY FORM
   through (1, 2) and (5, -3):
     slope m = (-3 - 2) / (5 - 1) = -5/4
     point-slope:     y - 2 = (-5/4)(x - 1)
     slope-intercept: y = (-5/4)x + 13/4
     general form:    5x + 4y = 13
   through (-2, 4) and (3, 4):
     slope m = (4 - 4) / (3 - (-2)) = 0
     point-slope:     y - 4 = 0
     slope-intercept: y = 4
     general form:    y = 4
   through (3, -1) and (3, 7):
     run x2 - x1 = 0: slope undefined, a vertical line, x = 3
     general form:    x = 3
   through (0, 0) and (2, 1):
     slope m = (1 - 0) / (2 - 0) = 1/2
     point-slope:     y = (1/2)x
     slope-intercept: y = (1/2)x
     general form:    x - 2y = 0
   Only the general form covers the vertical line: y = mx + b needs a slope.

5. INTERCEPTS OF A LINE: 2x - 3y = 6
   y = 0: 2x = 6, x-intercept 3.   x = 0: -3y = 6, y-intercept -2.
   Solved for y: y = (2/3)x - 2. The b in y = mx + b is the y-intercept.

6. PARALLEL: SAME SLOPE, DIFFERENT INTERCEPT
   y = 2x + 1 and y = 2x - 3 never meet: 2x + 1 = 2x - 3 means 1 = -3.
   y = 2x + 1 and 4x - 2y = -2: the second is y = 2x + 1 again, the same line.

7. PERPENDICULAR: SLOPES MULTIPLY TO -1
   A quarter turn sends the step (run, rise) = (a, b) to (-b, a):
   (1,  2) -> (-2, 1):  slopes    2 and -1/2,  product -1;  Pythagoras check 5 + 5 = 10
   (3,  1) -> (-1, 3):  slopes  1/3 and   -3,  product -1;  Pythagoras check 10 + 10 = 20
   (2, -5) -> ( 5, 2):  slopes -5/2 and  2/5,  product -1;  Pythagoras check 29 + 29 = 58
   The two steps are the legs of a right triangle at the origin, and the
   converse of Pythagoras confirms the right angle: leg^2 + leg^2 = hypotenuse^2.
   Negative reciprocal: flip the fraction and change its sign. 2 -> -1/2, -5/2 -> 2/5.
   A horizontal and a vertical line are perpendicular too, but 0 has no reciprocal:
   the product rule needs both slopes to exist.
