1. The same string, three readers

   2851012, to someone who knows counting: 7 chunks
     2 | 8 | 5 | 1 | 0 | 1 | 2
   1234567, to someone who knows counting: 1 chunk
     1234567

   knows digits only: 12 chunks
     1 | 4 | 9 | 2 | 1 | 7 | 7 | 6 | 1 | 9 | 4 | 5
   knows the years 1492, 1776, 1945: 3 chunks
     1492 | 1776 | 1945

   a beginner, who knows the symbols: 19 chunks
     ( | a | + | b | ) | ^ | 2 | = | a | ^ | 2 | + | 2 | a | b | + | b | ^ | 2
   a student, who knows the two sides: 3 chunks
     (a+b)^2 | = | a^2+2ab+b^2
   an expert, who knows the identity: 1 chunks
     (a+b)^2=a^2+2ab+b^2

   Nothing on the page changed. The load is in the reader.

2. A budget of 4: intrinsic load plus whatever else is in the room

   Suppose a conversation nearby takes 2 places and a phone on the desk
   takes 1: numbers for the example, not measurements.

   reader                  quiet room     phone on the desk   conversation nearby
   beginner             19 overloaded         20 overloaded         21 overloaded
   student                     3 fits                4 fits          5 overloaded
   expert                      1 fits                2 fits                3 fits

   The expert reads this formula anywhere. The student reads it in a
   quiet room or beside a phone, but not beside a conversation: that is
   the load that tips it over, and moving to another room is the fix, as
   the book says. For the beginner no room is quiet enough; only
   practice helps.

3. Practice makes chunks: merge the pair found in the most lines

   Practice sheet, five expansions of a square:
     (a+b)^2=a^2+2ab+b^2
     (x+y)^2=x^2+2xy+y^2
     (p+q)^2=p^2+2pq+q^2
     (u+v)^2=u^2+2uv+v^2
     (s+t)^2=s^2+2st+t^2
   Test line, never practised: (m+n)^2=m^2+2mn+n^2

   merge   new chunk     chunks in the test line
       0                  19
       1   ')^'           18
       2   ')^2'          17
       3   ')^2='         16
       4   '^2'           14
       5   '^2+'          13
       6   '^2+2'         12

   The test line now reads as: ( | m | + | n | )^2= | m | ^2+2 | m | n | + | n | ^2

   Practice took the line from 19 chunks to 12, and every chunk it built
   is a part that repeats across lines: '^2', ')^2=', '^2+2'. The letters
   change from line to line, so they never became chunks, and what
   practice built carries over to m and n, never practised.

   What is left is the two letters, three times each. Merging can go no
   further; the last step is to see the line as one chunk with two slots,
   (first + second)^2 = first^2 + 2 first second + second^2. That is a
   schema, in the book's word, and it is how the expert in section 1
   holds the identity as one chunk. Every merge cost effort on the
   practice sheet: that effort is germane load.
